verify loop @ 35bbed8 — 2026-08-18T01:43:35Z
  > typecheck  python3 -m py_compile app/server.py
  ✓ typecheck  ok (1s)
  > lint       .venv/bin/ruff check app tests && bash -n scripts/verify.sh scripts/gate-check.sh scripts/evidence-bundle.sh scripts/hooks/*.sh && scripts/audit-decisions.sh && scripts/data-scan.sh
All checks passed!
audit-decisions: cross-checking claims against docs/harness/DECISIONS.log
  ✓ STATE.md claims last gate passed = G5
  ✓ change GH-12 claims Ratified (GC)
  ✓ change GH-13 claims Ratified (GC)
  ✓ change GH-14 claims Ratified (GC)
  ✓ change GH-15 claims Ratified (GC)
  ✓ change GH-17 claims Ratified (GC)
  ✓ change GH-18 claims Ratified (GC)
  ✓ change GH-19 claims Ratified (GC)
  ✓ change GH-20 claims Ratified (GC)
  ✓ change GH-21 claims Ratified (GC)
  ✓ change GH-25 claims Ratified (GC)
  ✓ change GH-26 claims Ratified (GC)
  ✓ change GH-27 claims Ratified (GC)
  ✓ change GH-28 claims Ratified (GC)
  ✓ change GH-29 claims Ratified (GC)
  ✓ change GH-6 claims Ratified (GC)
  ✓ RELEASE-CHECKLIST.md exists (release claimed)

audit-decisions: checking docs/harness/DECISIONS.log chronology
  ✓ docs/harness/DECISIONS.log dates are non-decreasing

audit-decisions: checking closed-issue claims against GitHub
  ~ no '#<n> closed' claims found

audit-decisions: all claims logged.
data-scan: ✓ clean
  ✓ lint       ok (3s)
  > test       .venv/bin/python -m pytest -q tests/ --cov=app --cov-fail-under=80
...........................................................              [100%]
================================ tests coverage ================================
_______________ coverage: platform darwin, python 3.14.7-final-0 _______________

Name              Stmts   Miss  Cover
-------------------------------------
app/doctrine.py      61      5    92%
app/server.py       144      5    97%
-------------------------------------
TOTAL               205     10    95%
Required test coverage of 80% reached. Total coverage: 95.12%
59 passed in 1.67s
  ✓ test       ok (2s)
  ~ eval       skipped (not configured)
  ~ build      skipped (not configured)
verify: ALL GREEN
